// Jest Snapshot v1, https://goo.gl/fbAQLP

exports[`ForecastIcon snapshot matches snapshot 1`] = `
<div
  className="forecastIcon"
>
  <img
    src="http://openweathermap.org/img/w/undefined.png"
  />
</div>
`;
