// Jest Snapshot v1, https://goo.gl/fbAQLP

exports[`SearchInput snapshot should match snapshot 1`] = `
<input
  className="searchInput"
  name="search"
  onChange={[Function]}
  placeholder="Enter location"
  type="text"
  value=""
/>
`;
