// Jest Snapshot v1, https://goo.gl/fbAQLP

exports[`ForecastHumidity snapshot should match snapshot 1`] = `
<p
  className="forecastHumidity"
>
  Humidity:
  54
  %
</p>
`;
