// Jest Snapshot v1, https://goo.gl/fbAQLP

exports[`The app component should match snapshot 1`] = `
<div
  className="container"
>
  <Forecast
    forecast={Array []}
    isForecastError={false}
  />
  <Search
    handleErrorResponse={[Function]}
    handleForecastResponse={[Function]}
  />
</div>
`;
