// Jest Snapshot v1, https://goo.gl/fbAQLP

exports[`ForecastDay snapshot should match snapshot 1`] = `
<p
  className="forecastDay"
>
  mock-day
</p>
`;
