// Jest Snapshot v1, https://goo.gl/fbAQLP

exports[`SearchButton snapshot should match snapshot 1`] = `
<button
  className="searchButton"
  disabled={false}
  onClick={[Function]}
  type="button"
>
  Search
</button>
`;
